// Jest Snapshot v1, https://goo.gl/fbAQLP

exports[`GenreOption Snapshot 1`] = `
<h4
  onClick={[Function]}
>
  test
</h4>
`;
