// Jest Snapshot v1, https://goo.gl/fbAQLP

exports[`Button Button Clicked 1`] = `
<button
  className="primaryButton"
  onClick={[MockFunction]}
/>
`;
