// Jest Snapshot v1, https://goo.gl/fbAQLP

exports[`ListItem renders 1`] = `
<li>
  test
</li>
`;
